Archive member included to satisfy reference by file (symbol)

/opt/Atollic_TrueSTUDIO_for_STM32_x86_64_9.3.0/ARMTools/bin/../lib/gcc/arm-atollic-eabi/6.3.1/../../../../arm-atollic-eabi/lib/armv7-m/libc_nano.a(lib_a-errno.o)
                              Src/syscalls.o (__errno)
/opt/Atollic_TrueSTUDIO_for_STM32_x86_64_9.3.0/ARMTools/bin/../lib/gcc/arm-atollic-eabi/6.3.1/../../../../arm-atollic-eabi/lib/armv7-m/libc_nano.a(lib_a-impure.o)
                              /opt/Atollic_TrueSTUDIO_for_STM32_x86_64_9.3.0/ARMTools/bin/../lib/gcc/arm-atollic-eabi/6.3.1/../../../../arm-atollic-eabi/lib/armv7-m/libc_nano.a(lib_a-errno.o) (_impure_ptr)
/opt/Atollic_TrueSTUDIO_for_STM32_x86_64_9.3.0/ARMTools/bin/../lib/gcc/arm-atollic-eabi/6.3.1/../../../../arm-atollic-eabi/lib/armv7-m/libc_nano.a(lib_a-init.o)
                              startup/startup_stm32f103xb.o (__libc_init_array)
/opt/Atollic_TrueSTUDIO_for_STM32_x86_64_9.3.0/ARMTools/bin/../lib/gcc/arm-atollic-eabi/6.3.1/../../../../arm-atollic-eabi/lib/armv7-m/libc_nano.a(lib_a-memset.o)
                              Drivers/STM32F1xx_HAL_Driver/Src/stm32f1xx_hal_rcc.o (memset)
/opt/Atollic_TrueSTUDIO_for_STM32_x86_64_9.3.0/ARMTools/bin/../lib/gcc/arm-atollic-eabi/6.3.1/armv7-m/libgcc.a(_lshrdi3.o)
                              Drivers/STM32F1xx_HAL_Driver/Src/stm32f1xx_hal_flash.o (__aeabi_llsr)

Allocating common symbols
Common symbol       size              file

dadosDecodificados  0xff              Application/application_main.o
dados               0xff              Application/lib/fsm_avi_rede.o
uwTick              0x4               Drivers/STM32F1xx_HAL_Driver/Src/stm32f1xx_hal.o
pFlash              0x20              Drivers/STM32F1xx_HAL_Driver/Src/stm32f1xx_hal_flash.o

Discarded input sections

 .text          0x0000000000000000        0x0 /opt/Atollic_TrueSTUDIO_for_STM32_x86_64_9.3.0/ARMTools/bin/../lib/gcc/arm-atollic-eabi/6.3.1/armv7-m/crti.o
 .data          0x0000000000000000        0x0 /opt/Atollic_TrueSTUDIO_for_STM32_x86_64_9.3.0/ARMTools/bin/../lib/gcc/arm-atollic-eabi/6.3.1/armv7-m/crti.o
 .bss           0x0000000000000000        0x0 /opt/Atollic_TrueSTUDIO_for_STM32_x86_64_9.3.0/ARMTools/bin/../lib/gcc/arm-atollic-eabi/6.3.1/armv7-m/crti.o
 .data          0x0000000000000000        0x4 /opt/Atollic_TrueSTUDIO_for_STM32_x86_64_9.3.0/ARMTools/bin/../lib/gcc/arm-atollic-eabi/6.3.1/armv7-m/crtbegin.o
 .text          0x0000000000000000        0x0 Application/application_main.o
 .data          0x0000000000000000        0x0 Application/application_main.o
 .bss           0x0000000000000000        0x0 Application/application_main.o
 .text          0x0000000000000000        0x0 Application/lib/fsm_avi_rede.o
 .data          0x0000000000000000        0x0 Application/lib/fsm_avi_rede.o
 .bss           0x0000000000000000        0x0 Application/lib/fsm_avi_rede.o
 .text          0x0000000000000000        0x0 Application/lib/lib_utilities.o
 .data          0x0000000000000000        0x0 Application/lib/lib_utilities.o
 .bss           0x0000000000000000        0x0 Application/lib/lib_utilities.o
 .text.run_current_time
                0x0000000000000000       0x10 Application/lib/lib_utilities.o
 .text.get_current_time
                0x0000000000000000        0xc Application/lib/lib_utilities.o
 .text.elapsed_time
                0x0000000000000000       0x14 Application/lib/lib_utilities.o
 .bss.currentTime
                0x0000000000000000        0x4 Application/lib/lib_utilities.o
 .debug_info    0x0000000000000000      0x103 Application/lib/lib_utilities.o
 .debug_abbrev  0x0000000000000000       0xb9 Application/lib/lib_utilities.o
 .debug_loc     0x0000000000000000       0x34 Application/lib/lib_utilities.o
 .debug_aranges
                0x0000000000000000       0x30 Application/lib/lib_utilities.o
 .debug_ranges  0x0000000000000000       0x20 Application/lib/lib_utilities.o
 .debug_line    0x0000000000000000      0x14c Application/lib/lib_utilities.o
 .debug_str     0x0000000000000000      0x212 Application/lib/lib_utilities.o
 .comment       0x0000000000000000       0x7d Application/lib/lib_utilities.o
 .debug_frame   0x0000000000000000       0x40 Application/lib/lib_utilities.o
 .ARM.attributes
                0x0000000000000000       0x33 Application/lib/lib_utilities.o
 .text          0x0000000000000000        0x0 Drivers/STM32F1xx_HAL_Driver/Src/stm32f1xx_hal.o
 .data          0x0000000000000000        0x0 Drivers/STM32F1xx_HAL_Driver/Src/stm32f1xx_hal.o
 .bss           0x0000000000000000        0x0 Drivers/STM32F1xx_HAL_Driver/Src/stm32f1xx_hal.o
 .text.HAL_MspInit
                0x0000000000000000        0x2 Drivers/STM32F1xx_HAL_Driver/Src/stm32f1xx_hal.o
 .text.HAL_MspDeInit
                0x0000000000000000        0x2 Drivers/STM32F1xx_HAL_Driver/Src/stm32f1xx_hal.o
 .text.HAL_DeInit
                0x0000000000000000       0x20 Drivers/STM32F1xx_HAL_Driver/Src/stm32f1xx_hal.o
 .text.HAL_GetTickPrio
                0x0000000000000000        0xc Drivers/STM32F1xx_HAL_Driver/Src/stm32f1xx_hal.o
 .text.HAL_SetTickFreq
                0x0000000000000000       0x24 Drivers/STM32F1xx_HAL_Driver/Src/stm32f1xx_hal.o
 .text.HAL_GetTickFreq
                0x0000000000000000        0xc Drivers/STM32F1xx_HAL_Driver/Src/stm32f1xx_hal.o
 .text.HAL_Delay
                0x0000000000000000       0x24 Drivers/STM32F1xx_HAL_Driver/Src/stm32f1xx_hal.o
 .text.HAL_SuspendTick
                0x0000000000000000       0x10 Drivers/STM32F1xx_HAL_Driver/Src/stm32f1xx_hal.o
 .text.HAL_ResumeTick
                0x0000000000000000       0x10 Drivers/STM32F1xx_HAL_Driver/Src/stm32f1xx_hal.o
 .text.HAL_GetHalVersion
                0x0000000000000000        0x8 Drivers/STM32F1xx_HAL_Driver/Src/stm32f1xx_hal.o
 .text.HAL_GetREVID
                0x0000000000000000        0xc Drivers/STM32F1xx_HAL_Driver/Src/stm32f1xx_hal.o
 .text.HAL_GetDEVID
                0x0000000000000000       0x10 Drivers/STM32F1xx_HAL_Driver/Src/stm32f1xx_hal.o
 .text.HAL_DBGMCU_EnableDBGSleepMode
                0x0000000000000000       0x10 Drivers/STM32F1xx_HAL_Driver/Src/stm32f1xx_hal.o
 .text.HAL_DBGMCU_DisableDBGSleepMode
                0x0000000000000000       0x10 Drivers/STM32F1xx_HAL_Driver/Src/stm32f1xx_hal.o
 .text.HAL_DBGMCU_EnableDBGStopMode
                0x0000000000000000       0x10 Drivers/STM32F1xx_HAL_Driver/Src/stm32f1xx_hal.o
 .text.HAL_DBGMCU_DisableDBGStopMode
                0x0000000000000000       0x10 Drivers/STM32F1xx_HAL_Driver/Src/stm32f1xx_hal.o
 .text.HAL_DBGMCU_EnableDBGStandbyMode
                0x0000000000000000       0x10 Drivers/STM32F1xx_HAL_Driver/Src/stm32f1xx_hal.o
 .text.HAL_DBGMCU_DisableDBGStandbyMode
                0x0000000000000000       0x10 Drivers/STM32F1xx_HAL_Driver/Src/stm32f1xx_hal.o
 .text.HAL_GetUID
                0x0000000000000000       0x20 Drivers/STM32F1xx_HAL_Driver/Src/stm32f1xx_hal.o
 .text          0x0000000000000000        0x0 Drivers/STM32F1xx_HAL_Driver/Src/stm32f1xx_hal_cortex.o
 .data          0x0000000000000000        0x0 Drivers/STM32F1xx_HAL_Driver/Src/stm32f1xx_hal_cortex.o
 .bss           0x0000000000000000        0x0 Drivers/STM32F1xx_HAL_Driver/Src/stm32f1xx_hal_cortex.o
 .text.HAL_NVIC_EnableIRQ
                0x0000000000000000       0x18 Drivers/STM32F1xx_HAL_Driver/Src/stm32f1xx_hal_cortex.o
 .text.HAL_NVIC_DisableIRQ
                0x0000000000000000       0x1c Drivers/STM32F1xx_HAL_Driver/Src/stm32f1xx_hal_cortex.o
 .text.HAL_NVIC_SystemReset
                0x0000000000000000       0x24 Drivers/STM32F1xx_HAL_Driver/Src/stm32f1xx_hal_cortex.o
 .text.HAL_NVIC_GetPriorityGrouping
                0x0000000000000000       0x10 Drivers/STM32F1xx_HAL_Driver/Src/stm32f1xx_hal_cortex.o
 .text.HAL_NVIC_GetPriority
                0x0000000000000000       0x5c Drivers/STM32F1xx_HAL_Driver/Src/stm32f1xx_hal_cortex.o
 .text.HAL_NVIC_SetPendingIRQ
                0x0000000000000000       0x1c Drivers/STM32F1xx_HAL_Driver/Src/stm32f1xx_hal_cortex.o
 .text.HAL_NVIC_GetPendingIRQ
                0x0000000000000000       0x1c Drivers/STM32F1xx_HAL_Driver/Src/stm32f1xx_hal_cortex.o
 .text.HAL_NVIC_ClearPendingIRQ
                0x0000000000000000       0x1c Drivers/STM32F1xx_HAL_Driver/Src/stm32f1xx_hal_cortex.o
 .text.HAL_NVIC_GetActive
                0x0000000000000000       0x1c Drivers/STM32F1xx_HAL_Driver/Src/stm32f1xx_hal_cortex.o
 .text.HAL_SYSTICK_CLKSourceConfig
                0x0000000000000000       0x18 Drivers/STM32F1xx_HAL_Driver/Src/stm32f1xx_hal_cortex.o
 .text.HAL_SYSTICK_Callback
                0x0000000000000000        0x2 Drivers/STM32F1xx_HAL_Driver/Src/stm32f1xx_hal_cortex.o
 .text.HAL_SYSTICK_IRQHandler
                0x0000000000000000        0x8 Drivers/STM32F1xx_HAL_Driver/Src/stm32f1xx_hal_cortex.o
 .text          0x0000000000000000        0x0 Drivers/STM32F1xx_HAL_Driver/Src/stm32f1xx_hal_dma.o
 .data          0x0000000000000000        0x0 Drivers/STM32F1xx_HAL_Driver/Src/stm32f1xx_hal_dma.o
 .bss           0x0000000000000000        0x0 Drivers/STM32F1xx_HAL_Driver/Src/stm32f1xx_hal_dma.o
 .text.HAL_DMA_Init
                0x0000000000000000       0x60 Drivers/STM32F1xx_HAL_Driver/Src/stm32f1xx_hal_dma.o
 .text.HAL_DMA_DeInit
                0x0000000000000000       0x54 Drivers/STM32F1xx_HAL_Driver/Src/stm32f1xx_hal_dma.o
 .text.HAL_DMA_Start
                0x0000000000000000       0x5c Drivers/STM32F1xx_HAL_Driver/Src/stm32f1xx_hal_dma.o
 .text.HAL_DMA_Start_IT
                0x0000000000000000       0x7a Drivers/STM32F1xx_HAL_Driver/Src/stm32f1xx_hal_dma.o
 .text.HAL_DMA_Abort
                0x0000000000000000       0x2c Drivers/STM32F1xx_HAL_Driver/Src/stm32f1xx_hal_dma.o
 .text.HAL_DMA_Abort_IT
                0x0000000000000000       0x90 Drivers/STM32F1xx_HAL_Driver/Src/stm32f1xx_hal_dma.o
 .text.HAL_DMA_PollForTransfer
                0x0000000000000000      0x238 Drivers/STM32F1xx_HAL_Driver/Src/stm32f1xx_hal_dma.o
 .text.HAL_DMA_IRQHandler
                0x0000000000000000      0x128 Drivers/STM32F1xx_HAL_Driver/Src/stm32f1xx_hal_dma.o
 .text.HAL_DMA_RegisterCallback
                0x0000000000000000       0x46 Drivers/STM32F1xx_HAL_Driver/Src/stm32f1xx_hal_dma.o
 .text.HAL_DMA_UnRegisterCallback
                0x0000000000000000       0x4e Drivers/STM32F1xx_HAL_Driver/Src/stm32f1xx_hal_dma.o
 .text.HAL_DMA_GetState
                0x0000000000000000        0x6 Drivers/STM32F1xx_HAL_Driver/Src/stm32f1xx_hal_dma.o
 .text.HAL_DMA_GetError
                0x0000000000000000        0x4 Drivers/STM32F1xx_HAL_Driver/Src/stm32f1xx_hal_dma.o
 .debug_info    0x0000000000000000     0x1047 Drivers/STM32F1xx_HAL_Driver/Src/stm32f1xx_hal_dma.o
 .debug_abbrev  0x0000000000000000      0x29e Drivers/STM32F1xx_HAL_Driver/Src/stm32f1xx_hal_dma.o
 .debug_loc     0x0000000000000000      0x5d1 Drivers/STM32F1xx_HAL_Driver/Src/stm32f1xx_hal_dma.o
 .debug_aranges
                0x0000000000000000       0x78 Drivers/STM32F1xx_HAL_Driver/Src/stm32f1xx_hal_dma.o
 .debug_ranges  0x0000000000000000       0xa8 Drivers/STM32F1xx_HAL_Driver/Src/stm32f1xx_hal_dma.o
 .debug_line    0x0000000000000000      0x66e Drivers/STM32F1xx_HAL_Driver/Src/stm32f1xx_hal_dma.o
 .debug_str     0x0000000000000000      0xb22 Drivers/STM32F1xx_HAL_Driver/Src/stm32f1xx_hal_dma.o
 .comment       0x0000000000000000       0x7d Drivers/STM32F1xx_HAL_Driver/Src/stm32f1xx_hal_dma.o
 .debug_frame   0x0000000000000000      0x144 Drivers/STM32F1xx_HAL_Driver/Src/stm32f1xx_hal_dma.o
 .ARM.attributes
                0x0000000000000000       0x33 Drivers/STM32F1xx_HAL_Driver/Src/stm32f1xx_hal_dma.o
 .text          0x0000000000000000        0x0 Drivers/STM32F1xx_HAL_Driver/Src/stm32f1xx_hal_flash.o
 .data          0x0000000000000000        0x0 Drivers/STM32F1xx_HAL_Driver/Src/stm32f1xx_hal_flash.o
 .bss           0x0000000000000000        0x0 Drivers/STM32F1xx_HAL_Driver/Src/stm32f1xx_hal_flash.o
 .text.FLASH_SetErrorCode
                0x0000000000000000       0x50 Drivers/STM32F1xx_HAL_Driver/Src/stm32f1xx_hal_flash.o
 .text.HAL_FLASH_Program_IT
                0x0000000000000000       0x5c Drivers/STM32F1xx_HAL_Driver/Src/stm32f1xx_hal_flash.o
 .text.HAL_FLASH_EndOfOperationCallback
                0x0000000000000000        0x2 Drivers/STM32F1xx_HAL_Driver/Src/stm32f1xx_hal_flash.o
 .text.HAL_FLASH_OperationErrorCallback
                0x0000000000000000        0x2 Drivers/STM32F1xx_HAL_Driver/Src/stm32f1xx_hal_flash.o
 .text.HAL_FLASH_IRQHandler
                0x0000000000000000      0x114 Drivers/STM32F1xx_HAL_Driver/Src/stm32f1xx_hal_flash.o
 .text.HAL_FLASH_Unlock
                0x0000000000000000       0x24 Drivers/STM32F1xx_HAL_Driver/Src/stm32f1xx_hal_flash.o
 .text.HAL_FLASH_Lock
                0x0000000000000000       0x14 Drivers/STM32F1xx_HAL_Driver/Src/stm32f1xx_hal_flash.o
 .text.HAL_FLASH_OB_Unlock
                0x0000000000000000       0x24 Drivers/STM32F1xx_HAL_Driver/Src/stm32f1xx_hal_flash.o
 .text.HAL_FLASH_OB_Lock
                0x0000000000000000       0x14 Drivers/STM32F1xx_HAL_Driver/Src/stm32f1xx_hal_flash.o
 .text.HAL_FLASH_OB_Launch
                0x0000000000000000        0x4 Drivers/STM32F1xx_HAL_Driver/Src/stm32f1xx_hal_flash.o
 .text.HAL_FLASH_GetError
                0x0000000000000000        0xc Drivers/STM32F1xx_HAL_Driver/Src/stm32f1xx_hal_flash.o
 .text.FLASH_WaitForLastOperation
                0x0000000000000000       0x54 Drivers/STM32F1xx_HAL_Driver/Src/stm32f1xx_hal_flash.o
 .text.HAL_FLASH_Program
                0x0000000000000000       0x8c Drivers/STM32F1xx_HAL_Driver/Src/stm32f1xx_hal_flash.o
 .debug_info    0x0000000000000000      0xeeb Drivers/STM32F1xx_HAL_Driver/Src/stm32f1xx_hal_flash.o
 .debug_abbrev  0x0000000000000000      0x373 Drivers/STM32F1xx_HAL_Driver/Src/stm32f1xx_hal_flash.o
 .debug_loc     0x0000000000000000      0x334 Drivers/STM32F1xx_HAL_Driver/Src/stm32f1xx_hal_flash.o
 .debug_aranges
                0x0000000000000000       0x78 Drivers/STM32F1xx_HAL_Driver/Src/stm32f1xx_hal_flash.o
 .debug_ranges  0x0000000000000000       0xb8 Drivers/STM32F1xx_HAL_Driver/Src/stm32f1xx_hal_flash.o
 .debug_line    0x0000000000000000      0x4fd Drivers/STM32F1xx_HAL_Driver/Src/stm32f1xx_hal_flash.o
 .debug_str     0x0000000000000000      0xa42 Drivers/STM32F1xx_HAL_Driver/Src/stm32f1xx_hal_flash.o
 .comment       0x0000000000000000       0x7d Drivers/STM32F1xx_HAL_Driver/Src/stm32f1xx_hal_flash.o
 .debug_frame   0x0000000000000000      0x120 Drivers/STM32F1xx_HAL_Driver/Src/stm32f1xx_hal_flash.o
 .ARM.attributes
                0x0000000000000000       0x33 Drivers/STM32F1xx_HAL_Driver/Src/stm32f1xx_hal_flash.o
 COMMON         0x0000000000000000       0x20 Drivers/STM32F1xx_HAL_Driver/Src/stm32f1xx_hal_flash.o
 .text          0x0000000000000000        0x0 Drivers/STM32F1xx_HAL_Driver/Src/stm32f1xx_hal_flash_ex.o
 .data          0x0000000000000000        0x0 Drivers/STM32F1xx_HAL_Driver/Src/stm32f1xx_hal_flash_ex.o
 .bss           0x0000000000000000        0x0 Drivers/STM32F1xx_HAL_Driver/Src/stm32f1xx_hal_flash_ex.o
 .text.FLASH_MassErase.isra.0
                0x0000000000000000       0x24 Drivers/STM32F1xx_HAL_Driver/Src/stm32f1xx_hal_flash_ex.o
 .text.FLASH_OB_RDP_LevelConfig
                0x0000000000000000       0x64 Drivers/STM32F1xx_HAL_Driver/Src/stm32f1xx_hal_flash_ex.o
 .text.HAL_FLASHEx_OBErase
                0x0000000000000000       0x54 Drivers/STM32F1xx_HAL_Driver/Src/stm32f1xx_hal_flash_ex.o
 .text.HAL_FLASHEx_OBProgram
                0x0000000000000000      0x1fc Drivers/STM32F1xx_HAL_Driver/Src/stm32f1xx_hal_flash_ex.o
 .text.HAL_FLASHEx_OBGetConfig
                0x0000000000000000       0x28 Drivers/STM32F1xx_HAL_Driver/Src/stm32f1xx_hal_flash_ex.o
 .text.HAL_FLASHEx_OBGetUserData
                0x0000000000000000       0x1c Drivers/STM32F1xx_HAL_Driver/Src/stm32f1xx_hal_flash_ex.o
 .text.FLASH_PageErase
                0x0000000000000000       0x24 Drivers/STM32F1xx_HAL_Driver/Src/stm32f1xx_hal_flash_ex.o
 .text.HAL_FLASHEx_Erase
                0x0000000000000000       0x9c Drivers/STM32F1xx_HAL_Driver/Src/stm32f1xx_hal_flash_ex.o
 .text.HAL_FLASHEx_Erase_IT
                0x0000000000000000       0x50 Drivers/STM32F1xx_HAL_Driver/Src/stm32f1xx_hal_flash_ex.o
 .debug_info    0x0000000000000000     0x13ac Drivers/STM32F1xx_HAL_Driver/Src/stm32f1xx_hal_flash_ex.o
 .debug_abbrev  0x0000000000000000      0x35a Drivers/STM32F1xx_HAL_Driver/Src/stm32f1xx_hal_flash_ex.o
 .debug_loc     0x0000000000000000      0x6d0 Drivers/STM32F1xx_HAL_Driver/Src/stm32f1xx_hal_flash_ex.o
 .debug_aranges
                0x0000000000000000       0x60 Drivers/STM32F1xx_HAL_Driver/Src/stm32f1xx_hal_flash_ex.o
 .debug_ranges  0x0000000000000000       0xe0 Drivers/STM32F1xx_HAL_Driver/Src/stm32f1xx_hal_flash_ex.o
 .debug_line    0x0000000000000000      0x530 Drivers/STM32F1xx_HAL_Driver/Src/stm32f1xx_hal_flash_ex.o
 .debug_str     0x0000000000000000      0xb58 Drivers/STM32F1xx_HAL_Driver/Src/stm32f1xx_hal_flash_ex.o
 .comment       0x0000000000000000       0x7d Drivers/STM32F1xx_HAL_Driver/Src/stm32f1xx_hal_flash_ex.o
 .debug_frame   0x0000000000000000       0xf0 Drivers/STM32F1xx_HAL_Driver/Src/stm32f1xx_hal_flash_ex.o
 .ARM.attributes
                0x0000000000000000       0x33 Drivers/STM32F1xx_HAL_Driver/Src/stm32f1xx_hal_flash_ex.o
 .text          0x0000000000000000        0x0 Drivers/STM32F1xx_HAL_Driver/Src/stm32f1xx_hal_gpio.o
 .data          0x0000000000000000        0x0 Drivers/STM32F1xx_HAL_Driver/Src/stm32f1xx_hal_gpio.o
 .bss           0x0000000000000000        0x0 Drivers/STM32F1xx_HAL_Driver/Src/stm32f1xx_hal_gpio.o
 .text.HAL_GPIO_Init
                0x0000000000000000      0x1c0 Drivers/STM32F1xx_HAL_Driver/Src/stm32f1xx_hal_gpio.o
 .text.HAL_GPIO_DeInit
                0x0000000000000000       0xe0 Drivers/STM32F1xx_HAL_Driver/Src/stm32f1xx_hal_gpio.o
 .text.HAL_GPIO_ReadPin
                0x0000000000000000        0xc Drivers/STM32F1xx_HAL_Driver/Src/stm32f1xx_hal_gpio.o
 .text.HAL_GPIO_WritePin
                0x0000000000000000        0xa Drivers/STM32F1xx_HAL_Driver/Src/stm32f1xx_hal_gpio.o
 .text.HAL_GPIO_TogglePin
                0x0000000000000000        0x8 Drivers/STM32F1xx_HAL_Driver/Src/stm32f1xx_hal_gpio.o
 .text.HAL_GPIO_LockPin
                0x0000000000000000       0x2a Drivers/STM32F1xx_HAL_Driver/Src/stm32f1xx_hal_gpio.o
 .text.HAL_GPIO_EXTI_Callback
                0x0000000000000000        0x2 Drivers/STM32F1xx_HAL_Driver/Src/stm32f1xx_hal_gpio.o
 .text.HAL_GPIO_EXTI_IRQHandler
                0x0000000000000000       0x18 Drivers/STM32F1xx_HAL_Driver/Src/stm32f1xx_hal_gpio.o
 .debug_info    0x0000000000000000      0xec2 Drivers/STM32F1xx_HAL_Driver/Src/stm32f1xx_hal_gpio.o
 .debug_abbrev  0x0000000000000000      0x268 Drivers/STM32F1xx_HAL_Driver/Src/stm32f1xx_hal_gpio.o
 .debug_loc     0x0000000000000000      0x36a Drivers/STM32F1xx_HAL_Driver/Src/stm32f1xx_hal_gpio.o
 .debug_aranges
                0x0000000000000000       0x58 Drivers/STM32F1xx_HAL_Driver/Src/stm32f1xx_hal_gpio.o
 .debug_ranges  0x0000000000000000       0x60 Drivers/STM32F1xx_HAL_Driver/Src/stm32f1xx_hal_gpio.o
 .debug_line    0x0000000000000000      0x43d Drivers/STM32F1xx_HAL_Driver/Src/stm32f1xx_hal_gpio.o
 .debug_str     0x0000000000000000      0x92b Drivers/STM32F1xx_HAL_Driver/Src/stm32f1xx_hal_gpio.o
 .comment       0x0000000000000000       0x7d Drivers/STM32F1xx_HAL_Driver/Src/stm32f1xx_hal_gpio.o
 .debug_frame   0x0000000000000000       0xd4 Drivers/STM32F1xx_HAL_Driver/Src/stm32f1xx_hal_gpio.o
 .ARM.attributes
                0x0000000000000000       0x33 Drivers/STM32F1xx_HAL_Driver/Src/stm32f1xx_hal_gpio.o
 .text          0x0000000000000000        0x0 Drivers/STM32F1xx_HAL_Driver/Src/stm32f1xx_hal_gpio_ex.o
 .data          0x0000000000000000        0x0 Drivers/STM32F1xx_HAL_Driver/Src/stm32f1xx_hal_gpio_ex.o
 .bss           0x0000000000000000        0x0 Drivers/STM32F1xx_HAL_Driver/Src/stm32f1xx_hal_gpio_ex.o
 .text.HAL_GPIOEx_ConfigEventout
                0x0000000000000000       0x14 Drivers/STM32F1xx_HAL_Driver/Src/stm32f1xx_hal_gpio_ex.o
 .text.HAL_GPIOEx_EnableEventout
                0x0000000000000000       0x10 Drivers/STM32F1xx_HAL_Driver/Src/stm32f1xx_hal_gpio_ex.o
 .text.HAL_GPIOEx_DisableEventout
                0x0000000000000000       0x10 Drivers/STM32F1xx_HAL_Driver/Src/stm32f1xx_hal_gpio_ex.o
 .debug_info    0x0000000000000000      0xa36 Drivers/STM32F1xx_HAL_Driver/Src/stm32f1xx_hal_gpio_ex.o
 .debug_abbrev  0x0000000000000000      0x1d3 Drivers/STM32F1xx_HAL_Driver/Src/stm32f1xx_hal_gpio_ex.o
 .debug_loc     0x0000000000000000       0x21 Drivers/STM32F1xx_HAL_Driver/Src/stm32f1xx_hal_gpio_ex.o
 .debug_aranges
                0x0000000000000000       0x30 Drivers/STM32F1xx_HAL_Driver/Src/stm32f1xx_hal_gpio_ex.o
 .debug_ranges  0x0000000000000000       0x20 Drivers/STM32F1xx_HAL_Driver/Src/stm32f1xx_hal_gpio_ex.o
 .debug_line    0x0000000000000000      0x29c Drivers/STM32F1xx_HAL_Driver/Src/stm32f1xx_hal_gpio_ex.o
 .debug_str     0x0000000000000000      0x77c Drivers/STM32F1xx_HAL_Driver/Src/stm32f1xx_hal_gpio_ex.o
 .comment       0x0000000000000000       0x7d Drivers/STM32F1xx_HAL_Driver/Src/stm32f1xx_hal_gpio_ex.o
 .debug_frame   0x0000000000000000       0x40 Drivers/STM32F1xx_HAL_Driver/Src/stm32f1xx_hal_gpio_ex.o
 .ARM.attributes
                0x0000000000000000       0x33 Drivers/STM32F1xx_HAL_Driver/Src/stm32f1xx_hal_gpio_ex.o
 .text          0x0000000000000000        0x0 Drivers/STM32F1xx_HAL_Driver/Src/stm32f1xx_hal_pwr.o
 .data          0x0000000000000000        0x0 Drivers/STM32F1xx_HAL_Driver/Src/stm32f1xx_hal_pwr.o
 .bss           0x0000000000000000        0x0 Drivers/STM32F1xx_HAL_Driver/Src/stm32f1xx_hal_pwr.o
 .text.PWR_OverloadWfe
                0x0000000000000000        0x6 Drivers/STM32F1xx_HAL_Driver/Src/stm32f1xx_hal_pwr.o
 .text.HAL_PWR_DeInit
                0x0000000000000000       0x18 Drivers/STM32F1xx_HAL_Driver/Src/stm32f1xx_hal_pwr.o
 .text.HAL_PWR_EnableBkUpAccess
                0x0000000000000000        0xc Drivers/STM32F1xx_HAL_Driver/Src/stm32f1xx_hal_pwr.o
 .text.HAL_PWR_DisableBkUpAccess
                0x0000000000000000        0xc Drivers/STM32F1xx_HAL_Driver/Src/stm32f1xx_hal_pwr.o
 .text.HAL_PWR_ConfigPVD
                0x0000000000000000       0x6c Drivers/STM32F1xx_HAL_Driver/Src/stm32f1xx_hal_pwr.o
 .text.HAL_PWR_EnablePVD
                0x0000000000000000        0xc Drivers/STM32F1xx_HAL_Driver/Src/stm32f1xx_hal_pwr.o
 .text.HAL_PWR_DisablePVD
                0x0000000000000000        0xc Drivers/STM32F1xx_HAL_Driver/Src/stm32f1xx_hal_pwr.o
 .text.HAL_PWR_EnableWakeUpPin
                0x0000000000000000       0x18 Drivers/STM32F1xx_HAL_Driver/Src/stm32f1xx_hal_pwr.o
 .text.HAL_PWR_DisableWakeUpPin
                0x0000000000000000       0x18 Drivers/STM32F1xx_HAL_Driver/Src/stm32f1xx_hal_pwr.o
 .text.HAL_PWR_EnterSLEEPMode
                0x0000000000000000       0x20 Drivers/STM32F1xx_HAL_Driver/Src/stm32f1xx_hal_pwr.o
 .text.HAL_PWR_EnterSTOPMode
                0x0000000000000000       0x48 Drivers/STM32F1xx_HAL_Driver/Src/stm32f1xx_hal_pwr.o
 .text.HAL_PWR_EnterSTANDBYMode
                0x0000000000000000       0x20 Drivers/STM32F1xx_HAL_Driver/Src/stm32f1xx_hal_pwr.o
 .text.HAL_PWR_EnableSleepOnExit
                0x0000000000000000       0x10 Drivers/STM32F1xx_HAL_Driver/Src/stm32f1xx_hal_pwr.o
 .text.HAL_PWR_DisableSleepOnExit
                0x0000000000000000       0x10 Drivers/STM32F1xx_HAL_Driver/Src/stm32f1xx_hal_pwr.o
 .text.HAL_PWR_EnableSEVOnPend
                0x0000000000000000       0x10 Drivers/STM32F1xx_HAL_Driver/Src/stm32f1xx_hal_pwr.o
 .text.HAL_PWR_DisableSEVOnPend
                0x0000000000000000       0x10 Drivers/STM32F1xx_HAL_Driver/Src/stm32f1xx_hal_pwr.o
 .text.HAL_PWR_PVDCallback
                0x0000000000000000        0x2 Drivers/STM32F1xx_HAL_Driver/Src/stm32f1xx_hal_pwr.o
 .text.HAL_PWR_PVD_IRQHandler
                0x0000000000000000       0x1c Drivers/STM32F1xx_HAL_Driver/Src/stm32f1xx_hal_pwr.o
 .debug_info    0x0000000000000000      0xf9a Drivers/STM32F1xx_HAL_Driver/Src/stm32f1xx_hal_pwr.o
 .debug_abbrev  0x0000000000000000      0x28a Drivers/STM32F1xx_HAL_Driver/Src/stm32f1xx_hal_pwr.o
 .debug_loc     0x0000000000000000       0xaa Drivers/STM32F1xx_HAL_Driver/Src/stm32f1xx_hal_pwr.o
 .debug_aranges
                0x0000000000000000       0xa8 Drivers/STM32F1xx_HAL_Driver/Src/stm32f1xx_hal_pwr.o
 .debug_ranges  0x0000000000000000       0x98 Drivers/STM32F1xx_HAL_Driver/Src/stm32f1xx_hal_pwr.o
 .debug_line    0x0000000000000000      0x431 Drivers/STM32F1xx_HAL_Driver/Src/stm32f1xx_hal_pwr.o
 .debug_str     0x0000000000000000      0x9c0 Drivers/STM32F1xx_HAL_Driver/Src/stm32f1xx_hal_pwr.o
 .comment       0x0000000000000000       0x7d Drivers/STM32F1xx_HAL_Driver/Src/stm32f1xx_hal_pwr.o
 .debug_frame   0x0000000000000000      0x140 Drivers/STM32F1xx_HAL_Driver/Src/stm32f1xx_hal_pwr.o
 .ARM.attributes
                0x0000000000000000       0x33 Drivers/STM32F1xx_HAL_Driver/Src/stm32f1xx_hal_pwr.o
 .text          0x0000000000000000        0x0 Drivers/STM32F1xx_HAL_Driver/Src/stm32f1xx_hal_rcc.o
 .data          0x0000000000000000        0x0 Drivers/STM32F1xx_HAL_Driver/Src/stm32f1xx_hal_rcc.o
 .bss           0x0000000000000000        0x0 Drivers/STM32F1xx_HAL_Driver/Src/stm32f1xx_hal_rcc.o
 .text.HAL_RCC_DeInit
                0x0000000000000000       0xd0 Drivers/STM32F1xx_HAL_Driver/Src/stm32f1xx_hal_rcc.o
 .text.HAL_RCC_MCOConfig
                0x0000000000000000       0x50 Drivers/STM32F1xx_HAL_Driver/Src/stm32f1xx_hal_rcc.o
 .text.HAL_RCC_EnableCSS
                0x0000000000000000        0xc Drivers/STM32F1xx_HAL_Driver/Src/stm32f1xx_hal_rcc.o
 .text.HAL_RCC_DisableCSS
                0x0000000000000000        0xc Drivers/STM32F1xx_HAL_Driver/Src/stm32f1xx_hal_rcc.o
 .text.HAL_RCC_GetHCLKFreq
                0x0000000000000000        0xc Drivers/STM32F1xx_HAL_Driver/Src/stm32f1xx_hal_rcc.o
 .text.HAL_RCC_GetPCLK1Freq
                0x0000000000000000       0x20 Drivers/STM32F1xx_HAL_Driver/Src/stm32f1xx_hal_rcc.o
 .text.HAL_RCC_GetPCLK2Freq
                0x0000000000000000       0x20 Drivers/STM32F1xx_HAL_Driver/Src/stm32f1xx_hal_rcc.o
 .text.HAL_RCC_GetOscConfig
                0x0000000000000000       0x80 Drivers/STM32F1xx_HAL_Driver/Src/stm32f1xx_hal_rcc.o
 .text.HAL_RCC_GetClockConfig
                0x0000000000000000       0x3c Drivers/STM32F1xx_HAL_Driver/Src/stm32f1xx_hal_rcc.o
 .text.HAL_RCC_CSSCallback
                0x0000000000000000        0x2 Drivers/STM32F1xx_HAL_Driver/Src/stm32f1xx_hal_rcc.o
 .text.HAL_RCC_NMI_IRQHandler
                0x0000000000000000       0x20 Drivers/STM32F1xx_HAL_Driver/Src/stm32f1xx_hal_rcc.o
 .text          0x0000000000000000        0x0 Drivers/STM32F1xx_HAL_Driver/Src/stm32f1xx_hal_rcc_ex.o
 .data          0x0000000000000000        0x0 Drivers/STM32F1xx_HAL_Driver/Src/stm32f1xx_hal_rcc_ex.o
 .bss           0x0000000000000000        0x0 Drivers/STM32F1xx_HAL_Driver/Src/stm32f1xx_hal_rcc_ex.o
 .text.HAL_RCCEx_PeriphCLKConfig
                0x0000000000000000       0xf0 Drivers/STM32F1xx_HAL_Driver/Src/stm32f1xx_hal_rcc_ex.o
 .text.HAL_RCCEx_GetPeriphCLKConfig
                0x0000000000000000       0x24 Drivers/STM32F1xx_HAL_Driver/Src/stm32f1xx_hal_rcc_ex.o
 .text.HAL_RCCEx_GetPeriphCLKFreq
                0x0000000000000000       0xec Drivers/STM32F1xx_HAL_Driver/Src/stm32f1xx_hal_rcc_ex.o
 .rodata        0x0000000000000000       0x10 Drivers/STM32F1xx_HAL_Driver/Src/stm32f1xx_hal_rcc_ex.o
 .debug_info    0x0000000000000000      0xc9d Drivers/STM32F1xx_HAL_Driver/Src/stm32f1xx_hal_rcc_ex.o
 .debug_abbrev  0x0000000000000000      0x277 Drivers/STM32F1xx_HAL_Driver/Src/stm32f1xx_hal_rcc_ex.o
 .debug_loc     0x0000000000000000      0x29d Drivers/STM32F1xx_HAL_Driver/Src/stm32f1xx_hal_rcc_ex.o
 .debug_aranges
                0x0000000000000000       0x30 Drivers/STM32F1xx_HAL_Driver/Src/stm32f1xx_hal_rcc_ex.o
 .debug_ranges  0x0000000000000000       0x40 Drivers/STM32F1xx_HAL_Driver/Src/stm32f1xx_hal_rcc_ex.o
 .debug_line    0x0000000000000000      0x3ab Drivers/STM32F1xx_HAL_Driver/Src/stm32f1xx_hal_rcc_ex.o
 .debug_str     0x0000000000000000      0x8e6 Drivers/STM32F1xx_HAL_Driver/Src/stm32f1xx_hal_rcc_ex.o
 .comment       0x0000000000000000       0x7d Drivers/STM32F1xx_HAL_Driver/Src/stm32f1xx_hal_rcc_ex.o
 .debug_frame   0x0000000000000000       0x6c Drivers/STM32F1xx_HAL_Driver/Src/stm32f1xx_hal_rcc_ex.o
 .ARM.attributes
                0x0000000000000000       0x33 Drivers/STM32F1xx_HAL_Driver/Src/stm32f1xx_hal_rcc_ex.o
 .text          0x0000000000000000        0x0 Drivers/STM32F1xx_HAL_Driver/Src/stm32f1xx_hal_tim.o
 .data          0x0000000000000000        0x0 Drivers/STM32F1xx_HAL_Driver/Src/stm32f1xx_hal_tim.o
 .bss           0x0000000000000000        0x0 Drivers/STM32F1xx_HAL_Driver/Src/stm32f1xx_hal_tim.o
 .debug_info    0x0000000000000000      0x96d Drivers/STM32F1xx_HAL_Driver/Src/stm32f1xx_hal_tim.o
 .debug_abbrev  0x0000000000000000      0x174 Drivers/STM32F1xx_HAL_Driver/Src/stm32f1xx_hal_tim.o
 .debug_aranges
                0x0000000000000000       0x18 Drivers/STM32F1xx_HAL_Driver/Src/stm32f1xx_hal_tim.o
 .debug_line    0x0000000000000000      0x219 Drivers/STM32F1xx_HAL_Driver/Src/stm32f1xx_hal_tim.o
 .debug_str     0x0000000000000000      0x6dc Drivers/STM32F1xx_HAL_Driver/Src/stm32f1xx_hal_tim.o
 .comment       0x0000000000000000       0x7d Drivers/STM32F1xx_HAL_Driver/Src/stm32f1xx_hal_tim.o
 .ARM.attributes
                0x0000000000000000       0x33 Drivers/STM32F1xx_HAL_Driver/Src/stm32f1xx_hal_tim.o
 .text          0x0000000000000000        0x0 Drivers/STM32F1xx_HAL_Driver/Src/stm32f1xx_hal_tim_ex.o
 .data          0x0000000000000000        0x0 Drivers/STM32F1xx_HAL_Driver/Src/stm32f1xx_hal_tim_ex.o
 .bss           0x0000000000000000        0x0 Drivers/STM32F1xx_HAL_Driver/Src/stm32f1xx_hal_tim_ex.o
 .debug_info    0x0000000000000000      0x96d Drivers/STM32F1xx_HAL_Driver/Src/stm32f1xx_hal_tim_ex.o
 .debug_abbrev  0x0000000000000000      0x174 Drivers/STM32F1xx_HAL_Driver/Src/stm32f1xx_hal_tim_ex.o
 .debug_aranges
                0x0000000000000000       0x18 Drivers/STM32F1xx_HAL_Driver/Src/stm32f1xx_hal_tim_ex.o
 .debug_line    0x0000000000000000      0x219 Drivers/STM32F1xx_HAL_Driver/Src/stm32f1xx_hal_tim_ex.o
 .debug_str     0x0000000000000000      0x6df Drivers/STM32F1xx_HAL_Driver/Src/stm32f1xx_hal_tim_ex.o
 .comment       0x0000000000000000       0x7d Drivers/STM32F1xx_HAL_Driver/Src/stm32f1xx_hal_tim_ex.o
 .ARM.attributes
                0x0000000000000000       0x33 Drivers/STM32F1xx_HAL_Driver/Src/stm32f1xx_hal_tim_ex.o
 .text          0x0000000000000000        0x0 Src/main.o
 .data          0x0000000000000000        0x0 Src/main.o
 .bss           0x0000000000000000        0x0 Src/main.o
 .text.Error_Handler
                0x0000000000000000        0x2 Src/main.o
 .bss.x         0x0000000000000000        0x4 Src/main.o
 .text          0x0000000000000000        0x0 Src/stm32f1xx_hal_msp.o
 .data          0x0000000000000000        0x0 Src/stm32f1xx_hal_msp.o
 .bss           0x0000000000000000        0x0 Src/stm32f1xx_hal_msp.o
 .text          0x0000000000000000        0x0 Src/stm32f1xx_it.o
 .data          0x0000000000000000        0x0 Src/stm32f1xx_it.o
 .bss           0x0000000000000000        0x0 Src/stm32f1xx_it.o
 .text          0x0000000000000000        0x0 Src/syscalls.o
 .data          0x0000000000000000        0x0 Src/syscalls.o
 .bss           0x0000000000000000        0x0 Src/syscalls.o
 .text.initialise_monitor_handles
                0x0000000000000000        0x2 Src/syscalls.o
 .text._getpid  0x0000000000000000        0x4 Src/syscalls.o
 .text._kill    0x0000000000000000       0x10 Src/syscalls.o
 .text._exit    0x0000000000000000        0xc Src/syscalls.o
 .text._read    0x0000000000000000       0x1c Src/syscalls.o
 .text._write   0x0000000000000000       0x1c Src/syscalls.o
 .text._sbrk    0x0000000000000000       0x34 Src/syscalls.o
 .text._close   0x0000000000000000        0x6 Src/syscalls.o
 .text._fstat   0x0000000000000000        0xa Src/syscalls.o
 .text._isatty  0x0000000000000000        0x4 Src/syscalls.o
 .text._lseek   0x0000000000000000        0x4 Src/syscalls.o
 .text._open    0x0000000000000000        0xa Src/syscalls.o
 .text._wait    0x0000000000000000       0x10 Src/syscalls.o
 .text._unlink  0x0000000000000000       0x10 Src/syscalls.o
 .text._times   0x0000000000000000        0x6 Src/syscalls.o
 .text._stat    0x0000000000000000        0xa Src/syscalls.o
 .text._link    0x0000000000000000       0x10 Src/syscalls.o
 .text._fork    0x0000000000000000       0x10 Src/syscalls.o
 .text._execve  0x0000000000000000       0x10 Src/syscalls.o
 .bss.__env     0x0000000000000000        0x4 Src/syscalls.o
 .bss.heap_end.5887
                0x0000000000000000        0x4 Src/syscalls.o
 .data.environ  0x0000000000000000        0x4 Src/syscalls.o
 .debug_info    0x0000000000000000      0xfe1 Src/syscalls.o
 .debug_abbrev  0x0000000000000000      0x2d9 Src/syscalls.o
 .debug_loc     0x0000000000000000      0x3ef Src/syscalls.o
 .debug_aranges
                0x0000000000000000       0xb0 Src/syscalls.o
 .debug_ranges  0x0000000000000000       0xa0 Src/syscalls.o
 .debug_line    0x0000000000000000      0x394 Src/syscalls.o
 .debug_str     0x0000000000000000      0x87f Src/syscalls.o
 .comment       0x0000000000000000       0x7d Src/syscalls.o
 .debug_frame   0x0000000000000000      0x1a8 Src/syscalls.o
 .ARM.attributes
                0x0000000000000000       0x33 Src/syscalls.o
 .text          0x0000000000000000        0x0 Src/system_stm32f1xx.o
 .data          0x0000000000000000        0x0 Src/system_stm32f1xx.o
 .bss           0x0000000000000000        0x0 Src/system_stm32f1xx.o
 .text.SystemCoreClockUpdate
                0x0000000000000000       0x5c Src/system_stm32f1xx.o
 .rodata.APBPrescTable
                0x0000000000000000        0x8 Src/system_stm32f1xx.o
 .text          0x0000000000000000       0x14 startup/startup_stm32f103xb.o
 .data          0x0000000000000000        0x0 startup/startup_stm32f103xb.o
 .bss           0x0000000000000000        0x0 startup/startup_stm32f103xb.o
 .text          0x0000000000000000        0x0 /opt/Atollic_TrueSTUDIO_for_STM32_x86_64_9.3.0/ARMTools/bin/../lib/gcc/arm-atollic-eabi/6.3.1/../../../../arm-atollic-eabi/lib/armv7-m/libc_nano.a(lib_a-errno.o)
 .data          0x0000000000000000        0x0 /opt/Atollic_TrueSTUDIO_for_STM32_x86_64_9.3.0/ARMTools/bin/../lib/gcc/arm-atollic-eabi/6.3.1/../../../../arm-atollic-eabi/lib/armv7-m/libc_nano.a(lib_a-errno.o)
 .bss           0x0000000000000000        0x0 /opt/Atollic_TrueSTUDIO_for_STM32_x86_64_9.3.0/ARMTools/bin/../lib/gcc/arm-atollic-eabi/6.3.1/../../../../arm-atollic-eabi/lib/armv7-m/libc_nano.a(lib_a-errno.o)
 .text.__errno  0x0000000000000000        0xc /opt/Atollic_TrueSTUDIO_for_STM32_x86_64_9.3.0/ARMTools/bin/../lib/gcc/arm-atollic-eabi/6.3.1/../../../../arm-atollic-eabi/lib/armv7-m/libc_nano.a(lib_a-errno.o)
 .debug_frame   0x0000000000000000       0x20 /opt/Atollic_TrueSTUDIO_for_STM32_x86_64_9.3.0/ARMTools/bin/../lib/gcc/arm-atollic-eabi/6.3.1/../../../../arm-atollic-eabi/lib/armv7-m/libc_nano.a(lib_a-errno.o)
 .ARM.attributes
                0x0000000000000000       0x2d /opt/Atollic_TrueSTUDIO_for_STM32_x86_64_9.3.0/ARMTools/bin/../lib/gcc/arm-atollic-eabi/6.3.1/../../../../arm-atollic-eabi/lib/armv7-m/libc_nano.a(lib_a-errno.o)
 .text          0x0000000000000000        0x0 /opt/Atollic_TrueSTUDIO_for_STM32_x86_64_9.3.0/ARMTools/bin/../lib/gcc/arm-atollic-eabi/6.3.1/../../../../arm-atollic-eabi/lib/armv7-m/libc_nano.a(lib_a-impure.o)
 .data          0x0000000000000000        0x0 /opt/Atollic_TrueSTUDIO_for_STM32_x86_64_9.3.0/ARMTools/bin/../lib/gcc/arm-atollic-eabi/6.3.1/../../../../arm-atollic-eabi/lib/armv7-m/libc_nano.a(lib_a-impure.o)
 .bss           0x0000000000000000        0x0 /opt/Atollic_TrueSTUDIO_for_STM32_x86_64_9.3.0/ARMTools/bin/../lib/gcc/arm-atollic-eabi/6.3.1/../../../../arm-atollic-eabi/lib/armv7-m/libc_nano.a(lib_a-impure.o)
 .data._impure_ptr
                0x0000000000000000        0x4 /opt/Atollic_TrueSTUDIO_for_STM32_x86_64_9.3.0/ARMTools/bin/../lib/gcc/arm-atollic-eabi/6.3.1/../../../../arm-atollic-eabi/lib/armv7-m/libc_nano.a(lib_a-impure.o)
 .data.impure_data
                0x0000000000000000       0x60 /opt/Atollic_TrueSTUDIO_for_STM32_x86_64_9.3.0/ARMTools/bin/../lib/gcc/arm-atollic-eabi/6.3.1/../../../../arm-atollic-eabi/lib/armv7-m/libc_nano.a(lib_a-impure.o)
 .rodata._global_impure_ptr
                0x0000000000000000        0x4 /opt/Atollic_TrueSTUDIO_for_STM32_x86_64_9.3.0/ARMTools/bin/../lib/gcc/arm-atollic-eabi/6.3.1/../../../../arm-atollic-eabi/lib/armv7-m/libc_nano.a(lib_a-impure.o)
 .ARM.attributes
                0x0000000000000000       0x2d /opt/Atollic_TrueSTUDIO_for_STM32_x86_64_9.3.0/ARMTools/bin/../lib/gcc/arm-atollic-eabi/6.3.1/../../../../arm-atollic-eabi/lib/armv7-m/libc_nano.a(lib_a-impure.o)
 .text          0x0000000000000000        0x0 /opt/Atollic_TrueSTUDIO_for_STM32_x86_64_9.3.0/ARMTools/bin/../lib/gcc/arm-atollic-eabi/6.3.1/../../../../arm-atollic-eabi/lib/armv7-m/libc_nano.a(lib_a-init.o)
 .data          0x0000000000000000        0x0 /opt/Atollic_TrueSTUDIO_for_STM32_x86_64_9.3.0/ARMTools/bin/../lib/gcc/arm-atollic-eabi/6.3.1/../../../../arm-atollic-eabi/lib/armv7-m/libc_nano.a(lib_a-init.o)
 .bss           0x0000000000000000        0x0 /opt/Atollic_TrueSTUDIO_for_STM32_x86_64_9.3.0/ARMTools/bin/../lib/gcc/arm-atollic-eabi/6.3.1/../../../../arm-atollic-eabi/lib/armv7-m/libc_nano.a(lib_a-init.o)
 .text          0x0000000000000000        0x0 /opt/Atollic_TrueSTUDIO_for_STM32_x86_64_9.3.0/ARMTools/bin/../lib/gcc/arm-atollic-eabi/6.3.1/../../../../arm-atollic-eabi/lib/armv7-m/libc_nano.a(lib_a-memset.o)
 .data          0x0000000000000000        0x0 /opt/Atollic_TrueSTUDIO_for_STM32_x86_64_9.3.0/ARMTools/bin/../lib/gcc/arm-atollic-eabi/6.3.1/../../../../arm-atollic-eabi/lib/armv7-m/libc_nano.a(lib_a-memset.o)
 .bss           0x0000000000000000        0x0 /opt/Atollic_TrueSTUDIO_for_STM32_x86_64_9.3.0/ARMTools/bin/../lib/gcc/arm-atollic-eabi/6.3.1/../../../../arm-atollic-eabi/lib/armv7-m/libc_nano.a(lib_a-memset.o)
 .text          0x0000000000000000       0x18 /opt/Atollic_TrueSTUDIO_for_STM32_x86_64_9.3.0/ARMTools/bin/../lib/gcc/arm-atollic-eabi/6.3.1/armv7-m/libgcc.a(_lshrdi3.o)
 .data          0x0000000000000000        0x0 /opt/Atollic_TrueSTUDIO_for_STM32_x86_64_9.3.0/ARMTools/bin/../lib/gcc/arm-atollic-eabi/6.3.1/armv7-m/libgcc.a(_lshrdi3.o)
 .bss           0x0000000000000000        0x0 /opt/Atollic_TrueSTUDIO_for_STM32_x86_64_9.3.0/ARMTools/bin/../lib/gcc/arm-atollic-eabi/6.3.1/armv7-m/libgcc.a(_lshrdi3.o)
 .ARM.attributes
                0x0000000000000000       0x1d /opt/Atollic_TrueSTUDIO_for_STM32_x86_64_9.3.0/ARMTools/bin/../lib/gcc/arm-atollic-eabi/6.3.1/armv7-m/libgcc.a(_lshrdi3.o)
 .text          0x0000000000000000        0x0 /opt/Atollic_TrueSTUDIO_for_STM32_x86_64_9.3.0/ARMTools/bin/../lib/gcc/arm-atollic-eabi/6.3.1/armv7-m/crtend.o
 .data          0x0000000000000000        0x0 /opt/Atollic_TrueSTUDIO_for_STM32_x86_64_9.3.0/ARMTools/bin/../lib/gcc/arm-atollic-eabi/6.3.1/armv7-m/crtend.o
 .bss           0x0000000000000000        0x0 /opt/Atollic_TrueSTUDIO_for_STM32_x86_64_9.3.0/ARMTools/bin/../lib/gcc/arm-atollic-eabi/6.3.1/armv7-m/crtend.o
 .eh_frame      0x0000000000000000        0x4 /opt/Atollic_TrueSTUDIO_for_STM32_x86_64_9.3.0/ARMTools/bin/../lib/gcc/arm-atollic-eabi/6.3.1/armv7-m/crtend.o
 .ARM.attributes
                0x0000000000000000       0x2d /opt/Atollic_TrueSTUDIO_for_STM32_x86_64_9.3.0/ARMTools/bin/../lib/gcc/arm-atollic-eabi/6.3.1/armv7-m/crtend.o
 .text          0x0000000000000000        0x0 /opt/Atollic_TrueSTUDIO_for_STM32_x86_64_9.3.0/ARMTools/bin/../lib/gcc/arm-atollic-eabi/6.3.1/armv7-m/crtn.o
 .data          0x0000000000000000        0x0 /opt/Atollic_TrueSTUDIO_for_STM32_x86_64_9.3.0/ARMTools/bin/../lib/gcc/arm-atollic-eabi/6.3.1/armv7-m/crtn.o
 .bss           0x0000000000000000        0x0 /opt/Atollic_TrueSTUDIO_for_STM32_x86_64_9.3.0/ARMTools/bin/../lib/gcc/arm-atollic-eabi/6.3.1/armv7-m/crtn.o

Memory Configuration

Name             Origin             Length             Attributes
RAM              0x0000000020000000 0x0000000000005000 xrw
FLASH            0x0000000008000000 0x0000000000010000 xr
*default*        0x0000000000000000 0xffffffffffffffff

Linker script and memory map

LOAD /opt/Atollic_TrueSTUDIO_for_STM32_x86_64_9.3.0/ARMTools/bin/../lib/gcc/arm-atollic-eabi/6.3.1/armv7-m/crti.o
LOAD /opt/Atollic_TrueSTUDIO_for_STM32_x86_64_9.3.0/ARMTools/bin/../lib/gcc/arm-atollic-eabi/6.3.1/armv7-m/crtbegin.o
LOAD Application/application_main.o
LOAD Application/lib/fsm_avi_rede.o
LOAD Application/lib/lib_utilities.o
LOAD Drivers/STM32F1xx_HAL_Driver/Src/stm32f1xx_hal.o
LOAD Drivers/STM32F1xx_HAL_Driver/Src/stm32f1xx_hal_cortex.o
LOAD Drivers/STM32F1xx_HAL_Driver/Src/stm32f1xx_hal_dma.o
LOAD Drivers/STM32F1xx_HAL_Driver/Src/stm32f1xx_hal_flash.o
LOAD Drivers/STM32F1xx_HAL_Driver/Src/stm32f1xx_hal_flash_ex.o
LOAD Drivers/STM32F1xx_HAL_Driver/Src/stm32f1xx_hal_gpio.o
LOAD Drivers/STM32F1xx_HAL_Driver/Src/stm32f1xx_hal_gpio_ex.o
LOAD Drivers/STM32F1xx_HAL_Driver/Src/stm32f1xx_hal_pwr.o
LOAD Drivers/STM32F1xx_HAL_Driver/Src/stm32f1xx_hal_rcc.o
LOAD Drivers/STM32F1xx_HAL_Driver/Src/stm32f1xx_hal_rcc_ex.o
LOAD Drivers/STM32F1xx_HAL_Driver/Src/stm32f1xx_hal_tim.o
LOAD Drivers/STM32F1xx_HAL_Driver/Src/stm32f1xx_hal_tim_ex.o
LOAD Src/main.o
LOAD Src/stm32f1xx_hal_msp.o
LOAD Src/stm32f1xx_it.o
LOAD Src/syscalls.o
LOAD Src/system_stm32f1xx.o
LOAD startup/startup_stm32f103xb.o
                0x0000000000000080                malloc_getpagesize_P = 0x80
START GROUP
LOAD /opt/Atollic_TrueSTUDIO_for_STM32_x86_64_9.3.0/ARMTools/bin/../lib/gcc/arm-atollic-eabi/6.3.1/../../../../arm-atollic-eabi/lib/armv7-m/libc_nano.a
LOAD /opt/Atollic_TrueSTUDIO_for_STM32_x86_64_9.3.0/ARMTools/bin/../lib/gcc/arm-atollic-eabi/6.3.1/../../../../arm-atollic-eabi/lib/armv7-m/libm.a
END GROUP
START GROUP
LOAD /opt/Atollic_TrueSTUDIO_for_STM32_x86_64_9.3.0/ARMTools/bin/../lib/gcc/arm-atollic-eabi/6.3.1/armv7-m/libgcc.a
LOAD /opt/Atollic_TrueSTUDIO_for_STM32_x86_64_9.3.0/ARMTools/bin/../lib/gcc/arm-atollic-eabi/6.3.1/../../../../arm-atollic-eabi/lib/armv7-m/libc_nano.a
END GROUP
START GROUP
LOAD /opt/Atollic_TrueSTUDIO_for_STM32_x86_64_9.3.0/ARMTools/bin/../lib/gcc/arm-atollic-eabi/6.3.1/armv7-m/libgcc.a
LOAD /opt/Atollic_TrueSTUDIO_for_STM32_x86_64_9.3.0/ARMTools/bin/../lib/gcc/arm-atollic-eabi/6.3.1/../../../../arm-atollic-eabi/lib/armv7-m/libc_nano.a
LOAD /opt/Atollic_TrueSTUDIO_for_STM32_x86_64_9.3.0/ARMTools/bin/../lib/gcc/arm-atollic-eabi/6.3.1/../../../../arm-atollic-eabi/lib/armv7-m/libnosys.a
END GROUP
START GROUP
LOAD /opt/Atollic_TrueSTUDIO_for_STM32_x86_64_9.3.0/ARMTools/bin/../lib/gcc/arm-atollic-eabi/6.3.1/armv7-m/libgcc.a
LOAD /opt/Atollic_TrueSTUDIO_for_STM32_x86_64_9.3.0/ARMTools/bin/../lib/gcc/arm-atollic-eabi/6.3.1/../../../../arm-atollic-eabi/lib/armv7-m/libc_nano.a
LOAD /opt/Atollic_TrueSTUDIO_for_STM32_x86_64_9.3.0/ARMTools/bin/../lib/gcc/arm-atollic-eabi/6.3.1/../../../../arm-atollic-eabi/lib/armv7-m/libnosys.a
END GROUP
LOAD /opt/Atollic_TrueSTUDIO_for_STM32_x86_64_9.3.0/ARMTools/bin/../lib/gcc/arm-atollic-eabi/6.3.1/armv7-m/crtend.o
LOAD /opt/Atollic_TrueSTUDIO_for_STM32_x86_64_9.3.0/ARMTools/bin/../lib/gcc/arm-atollic-eabi/6.3.1/armv7-m/crtn.o
                0x0000000020005000                _estack = 0x20005000
                0x0000000000000000                _Min_Heap_Size = 0x0
                0x0000000000000400                _Min_Stack_Size = 0x400

.isr_vector     0x0000000008000000      0x10c
                0x0000000008000000                . = ALIGN (0x4)
 *(.isr_vector)
 .isr_vector    0x0000000008000000      0x10c startup/startup_stm32f103xb.o
                0x0000000008000000                g_pfnVectors
                0x000000000800010c                . = ALIGN (0x4)

.text           0x000000000800010c      0x9e4
                0x000000000800010c                . = ALIGN (0x4)
 *(.text)
 .text          0x000000000800010c       0x40 /opt/Atollic_TrueSTUDIO_for_STM32_x86_64_9.3.0/ARMTools/bin/../lib/gcc/arm-atollic-eabi/6.3.1/armv7-m/crtbegin.o
 *(.text*)
 .text.app_run  0x000000000800014c       0x60 Application/application_main.o
                0x000000000800014c                app_run
 .text.recebe_modelo_frame
                0x00000000080001ac        0xc Application/lib/fsm_avi_rede.o
                0x00000000080001ac                recebe_modelo_frame
 .text.recebe_id_frame
                0x00000000080001b8        0xc Application/lib/fsm_avi_rede.o
                0x00000000080001b8                recebe_id_frame
 .text.recebe_dados_frame
                0x00000000080001c4       0x28 Application/lib/fsm_avi_rede.o
                0x00000000080001c4                recebe_dados_frame
 .text.frame_decodificado
                0x00000000080001ec        0xc Application/lib/fsm_avi_rede.o
                0x00000000080001ec                frame_decodificado
 .text.exec_decodificador_avirede
                0x00000000080001f8       0xcc Application/lib/fsm_avi_rede.o
                0x00000000080001f8                exec_decodificador_avirede
 .text.HAL_InitTick
                0x00000000080002c4       0x48 Drivers/STM32F1xx_HAL_Driver/Src/stm32f1xx_hal.o
                0x00000000080002c4                HAL_InitTick
 .text.HAL_Init
                0x000000000800030c       0x24 Drivers/STM32F1xx_HAL_Driver/Src/stm32f1xx_hal.o
                0x000000000800030c                HAL_Init
 .text.HAL_IncTick
                0x0000000008000330       0x18 Drivers/STM32F1xx_HAL_Driver/Src/stm32f1xx_hal.o
                0x0000000008000330                HAL_IncTick
 .text.HAL_GetTick
                0x0000000008000348        0xc Drivers/STM32F1xx_HAL_Driver/Src/stm32f1xx_hal.o
                0x0000000008000348                HAL_GetTick
 .text.HAL_NVIC_SetPriorityGrouping
                0x0000000008000354       0x24 Drivers/STM32F1xx_HAL_Driver/Src/stm32f1xx_hal_cortex.o
                0x0000000008000354                HAL_NVIC_SetPriorityGrouping
 .text.HAL_NVIC_SetPriority
                0x0000000008000378       0x68 Drivers/STM32F1xx_HAL_Driver/Src/stm32f1xx_hal_cortex.o
                0x0000000008000378                HAL_NVIC_SetPriority
 .text.HAL_SYSTICK_Config
                0x00000000080003e0       0x2c Drivers/STM32F1xx_HAL_Driver/Src/stm32f1xx_hal_cortex.o
                0x00000000080003e0                HAL_SYSTICK_Config
 .text.HAL_RCC_OscConfig
                0x000000000800040c      0x318 Drivers/STM32F1xx_HAL_Driver/Src/stm32f1xx_hal_rcc.o
                0x000000000800040c                HAL_RCC_OscConfig
 .text.HAL_RCC_GetSysClockFreq
                0x0000000008000724       0x78 Drivers/STM32F1xx_HAL_Driver/Src/stm32f1xx_hal_rcc.o
                0x0000000008000724                HAL_RCC_GetSysClockFreq
 .text.HAL_RCC_ClockConfig
                0x000000000800079c      0x164 Drivers/STM32F1xx_HAL_Driver/Src/stm32f1xx_hal_rcc.o
                0x000000000800079c                HAL_RCC_ClockConfig
 .text.SystemClock_Config
                0x0000000008000900       0x54 Src/main.o
                0x0000000008000900                SystemClock_Config
 .text.startup.main
                0x0000000008000954       0x3c Src/main.o
                0x0000000008000954                main
 .text.HAL_MspInit
                0x0000000008000990       0x44 Src/stm32f1xx_hal_msp.o
                0x0000000008000990                HAL_MspInit
 .text.NMI_Handler
                0x00000000080009d4        0x2 Src/stm32f1xx_it.o
                0x00000000080009d4                NMI_Handler
 .text.HardFault_Handler
                0x00000000080009d6        0x2 Src/stm32f1xx_it.o
                0x00000000080009d6                HardFault_Handler
 .text.MemManage_Handler
                0x00000000080009d8        0x2 Src/stm32f1xx_it.o
                0x00000000080009d8                MemManage_Handler
 .text.BusFault_Handler
                0x00000000080009da        0x2 Src/stm32f1xx_it.o
                0x00000000080009da                BusFault_Handler
 .text.UsageFault_Handler
                0x00000000080009dc        0x2 Src/stm32f1xx_it.o
                0x00000000080009dc                UsageFault_Handler
 .text.SVC_Handler
                0x00000000080009de        0x2 Src/stm32f1xx_it.o
                0x00000000080009de                SVC_Handler
 .text.DebugMon_Handler
                0x00000000080009e0        0x2 Src/stm32f1xx_it.o
                0x00000000080009e0                DebugMon_Handler
 .text.PendSV_Handler
                0x00000000080009e2        0x2 Src/stm32f1xx_it.o
                0x00000000080009e2                PendSV_Handler
 .text.SysTick_Handler
                0x00000000080009e4        0x4 Src/stm32f1xx_it.o
                0x00000000080009e4                SysTick_Handler
 .text.SystemInit
                0x00000000080009e8       0x4c Src/system_stm32f1xx.o
                0x00000000080009e8                SystemInit
 .text.Reset_Handler
                0x0000000008000a34       0x48 startup/startup_stm32f103xb.o
                0x0000000008000a34                Reset_Handler
 .text.Default_Handler
                0x0000000008000a7c        0x2 startup/startup_stm32f103xb.o
                0x0000000008000a7c                RTC_Alarm_IRQHandler
                0x0000000008000a7c                EXTI2_IRQHandler
                0x0000000008000a7c                TIM1_CC_IRQHandler
                0x0000000008000a7c                PVD_IRQHandler
                0x0000000008000a7c                EXTI3_IRQHandler
                0x0000000008000a7c                EXTI0_IRQHandler
                0x0000000008000a7c                I2C2_EV_IRQHandler
                0x0000000008000a7c                ADC1_2_IRQHandler
                0x0000000008000a7c                SPI1_IRQHandler
                0x0000000008000a7c                TAMPER_IRQHandler
                0x0000000008000a7c                DMA1_Channel4_IRQHandler
                0x0000000008000a7c                USART3_IRQHandler
                0x0000000008000a7c                RTC_IRQHandler
                0x0000000008000a7c                DMA1_Channel7_IRQHandler
                0x0000000008000a7c                CAN1_RX1_IRQHandler
                0x0000000008000a7c                TIM4_IRQHandler
                0x0000000008000a7c                I2C1_EV_IRQHandler
                0x0000000008000a7c                DMA1_Channel6_IRQHandler
                0x0000000008000a7c                TIM3_IRQHandler
                0x0000000008000a7c                RCC_IRQHandler
                0x0000000008000a7c                TIM1_TRG_COM_IRQHandler
                0x0000000008000a7c                DMA1_Channel1_IRQHandler
                0x0000000008000a7c                Default_Handler
                0x0000000008000a7c                EXTI15_10_IRQHandler
                0x0000000008000a7c                EXTI9_5_IRQHandler
                0x0000000008000a7c                SPI2_IRQHandler
                0x0000000008000a7c                DMA1_Channel5_IRQHandler
                0x0000000008000a7c                EXTI4_IRQHandler
                0x0000000008000a7c                USB_LP_CAN1_RX0_IRQHandler
                0x0000000008000a7c                USB_HP_CAN1_TX_IRQHandler
                0x0000000008000a7c                DMA1_Channel3_IRQHandler
                0x0000000008000a7c                TIM1_UP_IRQHandler
                0x0000000008000a7c                WWDG_IRQHandler
                0x0000000008000a7c                TIM2_IRQHandler
                0x0000000008000a7c                TIM1_BRK_IRQHandler
                0x0000000008000a7c                EXTI1_IRQHandler
                0x0000000008000a7c                USART2_IRQHandler
                0x0000000008000a7c                I2C2_ER_IRQHandler
                0x0000000008000a7c                DMA1_Channel2_IRQHandler
                0x0000000008000a7c                CAN1_SCE_IRQHandler
                0x0000000008000a7c                FLASH_IRQHandler
                0x0000000008000a7c                USART1_IRQHandler
                0x0000000008000a7c                I2C1_ER_IRQHandler
                0x0000000008000a7c                USBWakeUp_IRQHandler
 *fill*         0x0000000008000a7e        0x2 
 .text.__libc_init_array
                0x0000000008000a80       0x48 /opt/Atollic_TrueSTUDIO_for_STM32_x86_64_9.3.0/ARMTools/bin/../lib/gcc/arm-atollic-eabi/6.3.1/../../../../arm-atollic-eabi/lib/armv7-m/libc_nano.a(lib_a-init.o)
                0x0000000008000a80                __libc_init_array
 .text.memset   0x0000000008000ac8       0x10 /opt/Atollic_TrueSTUDIO_for_STM32_x86_64_9.3.0/ARMTools/bin/../lib/gcc/arm-atollic-eabi/6.3.1/../../../../arm-atollic-eabi/lib/armv7-m/libc_nano.a(lib_a-memset.o)
                0x0000000008000ac8                memset
 *(.glue_7)
 .glue_7        0x0000000008000ad8        0x0 linker stubs
 *(.glue_7t)
 .glue_7t       0x0000000008000ad8        0x0 linker stubs
 *(.eh_frame)
 .eh_frame      0x0000000008000ad8        0x0 /opt/Atollic_TrueSTUDIO_for_STM32_x86_64_9.3.0/ARMTools/bin/../lib/gcc/arm-atollic-eabi/6.3.1/armv7-m/crtbegin.o
 *(.init)
 .init          0x0000000008000ad8        0x4 /opt/Atollic_TrueSTUDIO_for_STM32_x86_64_9.3.0/ARMTools/bin/../lib/gcc/arm-atollic-eabi/6.3.1/armv7-m/crti.o
                0x0000000008000ad8                _init
 .init          0x0000000008000adc        0x8 /opt/Atollic_TrueSTUDIO_for_STM32_x86_64_9.3.0/ARMTools/bin/../lib/gcc/arm-atollic-eabi/6.3.1/armv7-m/crtn.o
 *(.fini)
 .fini          0x0000000008000ae4        0x4 /opt/Atollic_TrueSTUDIO_for_STM32_x86_64_9.3.0/ARMTools/bin/../lib/gcc/arm-atollic-eabi/6.3.1/armv7-m/crti.o
                0x0000000008000ae4                _fini
 .fini          0x0000000008000ae8        0x8 /opt/Atollic_TrueSTUDIO_for_STM32_x86_64_9.3.0/ARMTools/bin/../lib/gcc/arm-atollic-eabi/6.3.1/armv7-m/crtn.o
                0x0000000008000af0                . = ALIGN (0x4)
                0x0000000008000af0                _etext = .

.vfp11_veneer   0x0000000008000af0        0x0
 .vfp11_veneer  0x0000000008000af0        0x0 linker stubs

.v4_bx          0x0000000008000af0        0x0
 .v4_bx         0x0000000008000af0        0x0 linker stubs

.iplt           0x0000000008000af0        0x0
 .iplt          0x0000000008000af0        0x0 /opt/Atollic_TrueSTUDIO_for_STM32_x86_64_9.3.0/ARMTools/bin/../lib/gcc/arm-atollic-eabi/6.3.1/armv7-m/crtbegin.o

.rodata         0x0000000008000af0       0x28
                0x0000000008000af0                . = ALIGN (0x4)
 *(.rodata)
 .rodata        0x0000000008000af0       0x10 Drivers/STM32F1xx_HAL_Driver/Src/stm32f1xx_hal_rcc.o
 *(.rodata*)
 .rodata.serialData
                0x0000000008000b00        0x8 Application/application_main.o
                0x0000000008000b00                serialData
 .rodata.AHBPrescTable
                0x0000000008000b08       0x10 Src/system_stm32f1xx.o
                0x0000000008000b08                AHBPrescTable
                0x0000000008000b18                . = ALIGN (0x4)

.rel.dyn        0x0000000008000b18        0x0
 .rel.iplt      0x0000000008000b18        0x0 /opt/Atollic_TrueSTUDIO_for_STM32_x86_64_9.3.0/ARMTools/bin/../lib/gcc/arm-atollic-eabi/6.3.1/armv7-m/crtbegin.o

.ARM.extab
 *(.ARM.extab* .gnu.linkonce.armextab.*)

.ARM            0x0000000008000b18        0x0
                0x0000000008000b18                __exidx_start = .
 *(.ARM.exidx*)
                0x0000000008000b18                __exidx_end = .

.preinit_array  0x0000000008000b18        0x0
                0x0000000008000b18                PROVIDE (__preinit_array_start, .)
 *(.preinit_array*)
                0x0000000008000b18                PROVIDE (__preinit_array_end, .)

.init_array     0x0000000008000b18        0x4
                0x0000000008000b18                PROVIDE (__init_array_start, .)
 *(SORT(.init_array.*))
 *(.init_array*)
 .init_array    0x0000000008000b18        0x4 /opt/Atollic_TrueSTUDIO_for_STM32_x86_64_9.3.0/ARMTools/bin/../lib/gcc/arm-atollic-eabi/6.3.1/armv7-m/crtbegin.o
                0x0000000008000b1c                PROVIDE (__init_array_end, .)

.fini_array     0x0000000008000b1c        0x4
                [!provide]                        PROVIDE (__fini_array_start, .)
 *(SORT(.fini_array.*))
 *(.fini_array*)
 .fini_array    0x0000000008000b1c        0x4 /opt/Atollic_TrueSTUDIO_for_STM32_x86_64_9.3.0/ARMTools/bin/../lib/gcc/arm-atollic-eabi/6.3.1/armv7-m/crtbegin.o
                [!provide]                        PROVIDE (__fini_array_end, .)
                0x0000000008000b20                _sidata = LOADADDR (.data)

.data           0x0000000020000000        0xc load address 0x0000000008000b20
                0x0000000020000000                . = ALIGN (0x4)
                0x0000000020000000                _sdata = .
 *(.data)
 *(.data*)
 .data.run      0x0000000020000000        0x1 Application/application_main.o
                0x0000000020000000                run
 .data.uwTickFreq
                0x0000000020000001        0x1 Drivers/STM32F1xx_HAL_Driver/Src/stm32f1xx_hal.o
                0x0000000020000001                uwTickFreq
 *fill*         0x0000000020000002        0x2 
 .data.uwTickPrio
                0x0000000020000004        0x4 Drivers/STM32F1xx_HAL_Driver/Src/stm32f1xx_hal.o
                0x0000000020000004                uwTickPrio
 .data.SystemCoreClock
                0x0000000020000008        0x4 Src/system_stm32f1xx.o
                0x0000000020000008                SystemCoreClock
                0x000000002000000c                . = ALIGN (0x4)
                0x000000002000000c                _edata = .

.igot.plt       0x000000002000000c        0x0 load address 0x0000000008000b2c
 .igot.plt      0x000000002000000c        0x0 /opt/Atollic_TrueSTUDIO_for_STM32_x86_64_9.3.0/ARMTools/bin/../lib/gcc/arm-atollic-eabi/6.3.1/armv7-m/crtbegin.o
                0x000000002000000c                . = ALIGN (0x4)

.bss            0x000000002000000c      0x22c load address 0x0000000008000b2c
                0x000000002000000c                _sbss = .
                0x000000002000000c                __bss_start__ = _sbss
 *(.bss)
 .bss           0x000000002000000c       0x1c /opt/Atollic_TrueSTUDIO_for_STM32_x86_64_9.3.0/ARMTools/bin/../lib/gcc/arm-atollic-eabi/6.3.1/armv7-m/crtbegin.o
 *(.bss*)
 .bss.idDecodificado
                0x0000000020000028        0x1 Application/application_main.o
                0x0000000020000028                idDecodificado
 .bss.modeloDecodificado
                0x0000000020000029        0x1 Application/application_main.o
                0x0000000020000029                modeloDecodificado
 .bss.nDadosDecodificados
                0x000000002000002a        0x1 Application/application_main.o
                0x000000002000002a                nDadosDecodificados
 .bss.cks1      0x000000002000002b        0x1 Application/lib/fsm_avi_rede.o
                0x000000002000002b                cks1
 .bss.cks2      0x000000002000002c        0x1 Application/lib/fsm_avi_rede.o
                0x000000002000002c                cks2
 .bss.dataCount
                0x000000002000002d        0x1 Application/lib/fsm_avi_rede.o
                0x000000002000002d                dataCount
 .bss.estado    0x000000002000002e        0x1 Application/lib/fsm_avi_rede.o
                0x000000002000002e                estado
 .bss.frameDecodificado
                0x000000002000002f        0x1 Application/lib/fsm_avi_rede.o
                0x000000002000002f                frameDecodificado
 .bss.id        0x0000000020000030        0x1 Application/lib/fsm_avi_rede.o
                0x0000000020000030                id
 .bss.modelo    0x0000000020000031        0x1 Application/lib/fsm_avi_rede.o
                0x0000000020000031                modelo
 .bss.nDados    0x0000000020000032        0x1 Application/lib/fsm_avi_rede.o
                0x0000000020000032                nDados
 *(COMMON)
 COMMON         0x0000000020000033       0xff Application/application_main.o
                0x0000000020000033                dadosDecodificados
 COMMON         0x0000000020000132       0xff Application/lib/fsm_avi_rede.o
                0x0000000020000132                dados
 *fill*         0x0000000020000231        0x3 
 COMMON         0x0000000020000234        0x4 Drivers/STM32F1xx_HAL_Driver/Src/stm32f1xx_hal.o
                0x0000000020000234                uwTick
                0x0000000020000238                . = ALIGN (0x4)
                0x0000000020000238                _ebss = .
                0x0000000020000238                __bss_end__ = _ebss

._user_heap_stack
                0x0000000020000238      0x400 load address 0x0000000008000b2c
                0x0000000020000238                . = ALIGN (0x4)
                0x0000000020000238                PROVIDE (end, .)
                [!provide]                        PROVIDE (_end, .)
                0x0000000020000238                . = (. + _Min_Heap_Size)
                0x0000000020000638                . = (. + _Min_Stack_Size)
 *fill*         0x0000000020000238      0x400 
                0x0000000020000638                . = ALIGN (0x4)

/DISCARD/
 libc.a(*)
 libm.a(*)
 libgcc.a(*)

.ARM.attributes
                0x0000000000000000       0x29
 *(.ARM.attributes)
 .ARM.attributes
                0x0000000000000000       0x1d /opt/Atollic_TrueSTUDIO_for_STM32_x86_64_9.3.0/ARMTools/bin/../lib/gcc/arm-atollic-eabi/6.3.1/armv7-m/crti.o
 .ARM.attributes
                0x000000000000001d       0x2d /opt/Atollic_TrueSTUDIO_for_STM32_x86_64_9.3.0/ARMTools/bin/../lib/gcc/arm-atollic-eabi/6.3.1/armv7-m/crtbegin.o
 .ARM.attributes
                0x000000000000004a       0x33 Application/application_main.o
 .ARM.attributes
                0x000000000000007d       0x33 Application/lib/fsm_avi_rede.o
 .ARM.attributes
                0x00000000000000b0       0x33 Drivers/STM32F1xx_HAL_Driver/Src/stm32f1xx_hal.o
 .ARM.attributes
                0x00000000000000e3       0x33 Drivers/STM32F1xx_HAL_Driver/Src/stm32f1xx_hal_cortex.o
 .ARM.attributes
                0x0000000000000116       0x33 Drivers/STM32F1xx_HAL_Driver/Src/stm32f1xx_hal_rcc.o
 .ARM.attributes
                0x0000000000000149       0x33 Src/main.o
 .ARM.attributes
                0x000000000000017c       0x33 Src/stm32f1xx_hal_msp.o
 .ARM.attributes
                0x00000000000001af       0x33 Src/stm32f1xx_it.o
 .ARM.attributes
                0x00000000000001e2       0x33 Src/system_stm32f1xx.o
 .ARM.attributes
                0x0000000000000215       0x21 startup/startup_stm32f103xb.o
 .ARM.attributes
                0x0000000000000236       0x2d /opt/Atollic_TrueSTUDIO_for_STM32_x86_64_9.3.0/ARMTools/bin/../lib/gcc/arm-atollic-eabi/6.3.1/../../../../arm-atollic-eabi/lib/armv7-m/libc_nano.a(lib_a-init.o)
 .ARM.attributes
                0x0000000000000263       0x2d /opt/Atollic_TrueSTUDIO_for_STM32_x86_64_9.3.0/ARMTools/bin/../lib/gcc/arm-atollic-eabi/6.3.1/../../../../arm-atollic-eabi/lib/armv7-m/libc_nano.a(lib_a-memset.o)
 .ARM.attributes
                0x0000000000000290       0x1d /opt/Atollic_TrueSTUDIO_for_STM32_x86_64_9.3.0/ARMTools/bin/../lib/gcc/arm-atollic-eabi/6.3.1/armv7-m/crtn.o
OUTPUT(Treinamento_1.elf elf32-littlearm)

.debug_info     0x0000000000000000     0x692e
 .debug_info    0x0000000000000000      0x1ca Application/application_main.o
 .debug_info    0x00000000000001ca      0x218 Application/lib/fsm_avi_rede.o
 .debug_info    0x00000000000003e2      0xfc8 Drivers/STM32F1xx_HAL_Driver/Src/stm32f1xx_hal.o
 .debug_info    0x00000000000013aa     0x14a9 Drivers/STM32F1xx_HAL_Driver/Src/stm32f1xx_hal_cortex.o
 .debug_info    0x0000000000002853     0x123d Drivers/STM32F1xx_HAL_Driver/Src/stm32f1xx_hal_rcc.o
 .debug_info    0x0000000000003a90      0xccf Src/main.o
 .debug_info    0x000000000000475f      0xad2 Src/stm32f1xx_hal_msp.o
 .debug_info    0x0000000000005231      0xa10 Src/stm32f1xx_it.o
 .debug_info    0x0000000000005c41      0xc4d Src/system_stm32f1xx.o
 .debug_info    0x000000000000688e       0xa0 startup/startup_stm32f103xb.o

.debug_abbrev   0x0000000000000000     0x145a
 .debug_abbrev  0x0000000000000000       0xe9 Application/application_main.o
 .debug_abbrev  0x00000000000000e9       0xf8 Application/lib/fsm_avi_rede.o
 .debug_abbrev  0x00000000000001e1      0x315 Drivers/STM32F1xx_HAL_Driver/Src/stm32f1xx_hal.o
 .debug_abbrev  0x00000000000004f6      0x399 Drivers/STM32F1xx_HAL_Driver/Src/stm32f1xx_hal_cortex.o
 .debug_abbrev  0x000000000000088f      0x367 Drivers/STM32F1xx_HAL_Driver/Src/stm32f1xx_hal_rcc.o
 .debug_abbrev  0x0000000000000bf6      0x2b2 Src/main.o
 .debug_abbrev  0x0000000000000ea8      0x1bc Src/stm32f1xx_hal_msp.o
 .debug_abbrev  0x0000000000001064      0x1f9 Src/stm32f1xx_it.o
 .debug_abbrev  0x000000000000125d      0x1eb Src/system_stm32f1xx.o
 .debug_abbrev  0x0000000000001448       0x12 startup/startup_stm32f103xb.o

.debug_loc      0x0000000000000000      0xc69
 .debug_loc     0x0000000000000000       0x20 Application/application_main.o
 .debug_loc     0x0000000000000020      0x133 Application/lib/fsm_avi_rede.o
 .debug_loc     0x0000000000000153      0x11b Drivers/STM32F1xx_HAL_Driver/Src/stm32f1xx_hal.o
 .debug_loc     0x000000000000026e      0x46b Drivers/STM32F1xx_HAL_Driver/Src/stm32f1xx_hal_cortex.o
 .debug_loc     0x00000000000006d9      0x4c3 Drivers/STM32F1xx_HAL_Driver/Src/stm32f1xx_hal_rcc.o
 .debug_loc     0x0000000000000b9c       0xcd Src/system_stm32f1xx.o

.debug_aranges  0x0000000000000000      0x328
 .debug_aranges
                0x0000000000000000       0x20 Application/application_main.o
 .debug_aranges
                0x0000000000000020       0x40 Application/lib/fsm_avi_rede.o
 .debug_aranges
                0x0000000000000060       0xc8 Drivers/STM32F1xx_HAL_Driver/Src/stm32f1xx_hal.o
 .debug_aranges
                0x0000000000000128       0x90 Drivers/STM32F1xx_HAL_Driver/Src/stm32f1xx_hal_cortex.o
 .debug_aranges
                0x00000000000001b8       0x88 Drivers/STM32F1xx_HAL_Driver/Src/stm32f1xx_hal_rcc.o
 .debug_aranges
                0x0000000000000240       0x30 Src/main.o
 .debug_aranges
                0x0000000000000270       0x20 Src/stm32f1xx_hal_msp.o
 .debug_aranges
                0x0000000000000290       0x48 Src/stm32f1xx_it.o
 .debug_aranges
                0x00000000000002d8       0x28 Src/system_stm32f1xx.o
 .debug_aranges
                0x0000000000000300       0x28 startup/startup_stm32f103xb.o

.debug_ranges   0x0000000000000000      0x3d8
 .debug_ranges  0x0000000000000000       0x28 Application/application_main.o
 .debug_ranges  0x0000000000000028       0x48 Application/lib/fsm_avi_rede.o
 .debug_ranges  0x0000000000000070       0xb8 Drivers/STM32F1xx_HAL_Driver/Src/stm32f1xx_hal.o
 .debug_ranges  0x0000000000000128      0x128 Drivers/STM32F1xx_HAL_Driver/Src/stm32f1xx_hal_cortex.o
 .debug_ranges  0x0000000000000250       0xa0 Drivers/STM32F1xx_HAL_Driver/Src/stm32f1xx_hal_rcc.o
 .debug_ranges  0x00000000000002f0       0x20 Src/main.o
 .debug_ranges  0x0000000000000310       0x58 Src/stm32f1xx_hal_msp.o
 .debug_ranges  0x0000000000000368       0x38 Src/stm32f1xx_it.o
 .debug_ranges  0x00000000000003a0       0x18 Src/system_stm32f1xx.o
 .debug_ranges  0x00000000000003b8       0x20 startup/startup_stm32f103xb.o

.debug_line     0x0000000000000000     0x1d35
 .debug_line    0x0000000000000000      0x19f Application/application_main.o
 .debug_line    0x000000000000019f      0x1ac Application/lib/fsm_avi_rede.o
 .debug_line    0x000000000000034b      0x43e Drivers/STM32F1xx_HAL_Driver/Src/stm32f1xx_hal.o
 .debug_line    0x0000000000000789      0x448 Drivers/STM32F1xx_HAL_Driver/Src/stm32f1xx_hal_cortex.o
 .debug_line    0x0000000000000bd1      0x618 Drivers/STM32F1xx_HAL_Driver/Src/stm32f1xx_hal_rcc.o
 .debug_line    0x00000000000011e9      0x33c Src/main.o
 .debug_line    0x0000000000001525      0x262 Src/stm32f1xx_hal_msp.o
 .debug_line    0x0000000000001787      0x293 Src/stm32f1xx_it.o
 .debug_line    0x0000000000001a1a      0x29e Src/system_stm32f1xx.o
 .debug_line    0x0000000000001cb8       0x7d startup/startup_stm32f103xb.o

.debug_str      0x0000000000000000     0x1550
 .debug_str     0x0000000000000000      0x24b Application/application_main.o
                                        0x287 (size before relaxing)
 .debug_str     0x000000000000024b       0xa3 Application/lib/fsm_avi_rede.o
                                        0x2af (size before relaxing)
 .debug_str     0x00000000000002ee      0xa9a Drivers/STM32F1xx_HAL_Driver/Src/stm32f1xx_hal.o
                                        0xc96 (size before relaxing)
 .debug_str     0x0000000000000d88      0x2e1 Drivers/STM32F1xx_HAL_Driver/Src/stm32f1xx_hal_cortex.o
                                        0xdbe (size before relaxing)
 .debug_str     0x0000000000001069      0x374 Drivers/STM32F1xx_HAL_Driver/Src/stm32f1xx_hal_rcc.o
                                        0xb09 (size before relaxing)
 .debug_str     0x00000000000013dd       0x41 Src/main.o
                                        0x89f (size before relaxing)
 .debug_str     0x000000000000141e       0x3f Src/stm32f1xx_hal_msp.o
                                        0x73f (size before relaxing)
 .debug_str     0x000000000000145d       0xa6 Src/stm32f1xx_it.o
                                        0x756 (size before relaxing)
 .debug_str     0x0000000000001503       0x4d Src/system_stm32f1xx.o
                                        0x794 (size before relaxing)

.comment        0x0000000000000000       0x7c
 .comment       0x0000000000000000       0x7c Application/application_main.o
                                         0x7d (size before relaxing)
 .comment       0x000000000000007c       0x7d Application/lib/fsm_avi_rede.o
 .comment       0x000000000000007c       0x7d Drivers/STM32F1xx_HAL_Driver/Src/stm32f1xx_hal.o
 .comment       0x000000000000007c       0x7d Drivers/STM32F1xx_HAL_Driver/Src/stm32f1xx_hal_cortex.o
 .comment       0x000000000000007c       0x7d Drivers/STM32F1xx_HAL_Driver/Src/stm32f1xx_hal_rcc.o
 .comment       0x000000000000007c       0x7d Src/main.o
 .comment       0x000000000000007c       0x7d Src/stm32f1xx_hal_msp.o
 .comment       0x000000000000007c       0x7d Src/stm32f1xx_it.o
 .comment       0x000000000000007c       0x7d Src/system_stm32f1xx.o

.debug_frame    0x0000000000000000      0x664
 .debug_frame   0x0000000000000000       0x30 Application/application_main.o
 .debug_frame   0x0000000000000030       0x78 Application/lib/fsm_avi_rede.o
 .debug_frame   0x00000000000000a8      0x1b0 Drivers/STM32F1xx_HAL_Driver/Src/stm32f1xx_hal.o
 .debug_frame   0x0000000000000258      0x120 Drivers/STM32F1xx_HAL_Driver/Src/stm32f1xx_hal_cortex.o
 .debug_frame   0x0000000000000378      0x150 Drivers/STM32F1xx_HAL_Driver/Src/stm32f1xx_hal_rcc.o
 .debug_frame   0x00000000000004c8       0x58 Src/main.o
 .debug_frame   0x0000000000000520       0x28 Src/stm32f1xx_hal_msp.o
 .debug_frame   0x0000000000000548       0xa0 Src/stm32f1xx_it.o
 .debug_frame   0x00000000000005e8       0x30 Src/system_stm32f1xx.o
 .debug_frame   0x0000000000000618       0x2c /opt/Atollic_TrueSTUDIO_for_STM32_x86_64_9.3.0/ARMTools/bin/../lib/gcc/arm-atollic-eabi/6.3.1/../../../../arm-atollic-eabi/lib/armv7-m/libc_nano.a(lib_a-init.o)
 .debug_frame   0x0000000000000644       0x20 /opt/Atollic_TrueSTUDIO_for_STM32_x86_64_9.3.0/ARMTools/bin/../lib/gcc/arm-atollic-eabi/6.3.1/../../../../arm-atollic-eabi/lib/armv7-m/libc_nano.a(lib_a-memset.o)
